###############################################################################
#                                                                             #
#                                                       21/Mar/2012  01:14:34 #
# IAR ANSI C/C++ Compiler V6.30.6.23336/W32 EVALUATION for ARM                #
# Copyright 1999-2012 IAR Systems AB.                                         #
#                                                                             #
#    Cpu mode     =  arm                                                      #
#    Endian       =  little                                                   #
#    Source file  =  C:\Users\V\Desktop\LCD_Demo\app\Cursor.c                 #
#    Command line =  C:\Users\V\Desktop\LCD_Demo\app\Cursor.c -D              #
#                    IAR_LPC_2478_STK -lcN "C:\Users\V\Desktop\LCD_Demo\Flash #
#                     Debug\List\" -o "C:\Users\V\Desktop\LCD_Demo\Flash      #
#                    Debug\Obj\" --no_cse --no_unroll --no_inline             #
#                    --no_code_motion --no_tbaa --no_clustering               #
#                    --no_scheduling --debug --endian=little                  #
#                    --cpu=ARM7TDMI-S -e --fpu=None --dlib_config             #
#                    "C:\Program Files (x86)\IAR Systems\Embedded Workbench   #
#                    6.0 Evaluation\arm\INC\c\DLib_Config_Normal.h" -I        #
#                    C:\Users\V\Desktop\LCD_Demo\app\ -I                      #
#                    C:\Users\V\Desktop\LCD_Demo\board\ -I                    #
#                    C:\Users\V\Desktop\LCD_Demo\modules\ --cpu_mode arm -On  #
#                    --use_c++_inline                                         #
#    List file    =  C:\Users\V\Desktop\LCD_Demo\Flash Debug\List\Cursor.lst  #
#    Object file  =  C:\Users\V\Desktop\LCD_Demo\Flash Debug\Obj\Cursor.o     #
#                                                                             #
#                                                                             #
###############################################################################

C:\Users\V\Desktop\LCD_Demo\app\Cursor.c
      1          #include "Cursor.h"
      2          
      3          #pragma data_alignment=4
      4          
      5          const unsigned char Cursor[32][8] = //[CURSOR_H_SIZE][CURSOR_H_SIZE / 4] = 
      6          {
      7          {0xaa, 0xaa, 0xaa, 0xaa, 0xaa, 0xaa, 0xaa, 0xaa},
      8          {0xaa, 0xaa, 0xaa, 0xaa, 0xaa, 0xaa, 0xaa, 0xaa},
      9          {0xaa, 0xaa, 0xaa, 0xaa, 0xaa, 0xaa, 0xaa, 0xaa},
     10          {0xaa, 0xaa, 0xaa, 0xaa, 0xaa, 0xaa, 0xaa, 0xaa},
     11          {0xaa, 0xaa, 0xaa, 0xaa, 0xaa, 0xaa, 0xaa, 0xaa},
     12          {0xaa, 0xaa, 0xaa, 0xaa, 0xaa, 0xaa, 0xaa, 0xaa},
     13          {0xaa, 0xaa, 0xaa, 0xaa, 0xaa, 0xaa, 0xaa, 0xaa},
     14          {0xaa, 0xaa, 0xaa, 0x2a, 0xaa, 0xaa, 0xaa, 0xaa},
     15          {0xaa, 0xaa, 0xaa, 0x0a, 0xaa, 0xaa, 0xaa, 0xaa},
     16          {0xaa, 0xaa, 0xaa, 0x12, 0xaa, 0xaa, 0xaa, 0xaa},
     17          {0xaa, 0xaa, 0xaa, 0x14, 0xaa, 0xaa, 0xaa, 0xaa},
     18          {0xaa, 0xaa, 0xaa, 0x15, 0x2a, 0xaa, 0xaa, 0xaa},
     19          {0xaa, 0xaa, 0xaa, 0x15, 0x4a, 0xaa, 0xaa, 0xaa},
     20          {0xaa, 0xaa, 0xaa, 0x15, 0x52, 0xaa, 0xaa, 0xaa},
     21          {0xaa, 0xaa, 0xaa, 0x15, 0x54, 0xaa, 0xaa, 0xaa},
     22          {0xaa, 0xaa, 0xaa, 0x15, 0x55, 0x2a, 0xaa, 0xaa},
     23          {0xaa, 0xaa, 0xaa, 0x15, 0x55, 0x4a, 0xaa, 0xaa},
     24          {0xaa, 0xaa, 0xaa, 0x15, 0x55, 0x52, 0xaa, 0xaa},
     25          {0xaa, 0xaa, 0xaa, 0x15, 0x55, 0x54, 0xaa, 0xaa},
     26          {0xaa, 0xaa, 0xaa, 0x15, 0x54, 0x00, 0xaa, 0xaa},
     27          {0xaa, 0xaa, 0xaa, 0x15, 0x14, 0xaa, 0xaa, 0xaa},
     28          {0xaa, 0xaa, 0xaa, 0x14, 0x85, 0x2a, 0xaa, 0xaa},
     29          {0xaa, 0xaa, 0xaa, 0x12, 0x85, 0x2a, 0xaa, 0xaa},
     30          {0xaa, 0xaa, 0xaa, 0x0a, 0xa1, 0x4a, 0xaa, 0xaa},
     31          {0xaa, 0xaa, 0xaa, 0xaa, 0xa1, 0x4a, 0xaa, 0xaa},
     32          {0xaa, 0xaa, 0xaa, 0xaa, 0xa8, 0x2a, 0xaa, 0xaa},
     33          {0xaa, 0xaa, 0xaa, 0xaa, 0xaa, 0xaa, 0xaa, 0xaa},
     34          {0xaa, 0xaa, 0xaa, 0xaa, 0xaa, 0xaa, 0xaa, 0xaa},
     35          {0xaa, 0xaa, 0xaa, 0xaa, 0xaa, 0xaa, 0xaa, 0xaa},
     36          {0xaa, 0xaa, 0xaa, 0xaa, 0xaa, 0xaa, 0xaa, 0xaa},
     37          {0xaa, 0xaa, 0xaa, 0xaa, 0xaa, 0xaa, 0xaa, 0xaa},
     38          {0xaa, 0xaa, 0xaa, 0xaa, 0xaa, 0xaa, 0xaa, 0xaa}
     39          };


   Section sizes:

   Bytes  Function/Label
   -----  --------------
     256  Cursor

 
 256 bytes in section .rodata
 
 256 bytes of CONST memory

Errors: none
Warnings: none
