###############################################################################
#                                                                             #
#                                                       20/Mar/2012  20:29:55 #
# IAR ANSI C/C++ Compiler V6.30.6.23336/W32 EVALUATION for ARM                #
# Copyright 1999-2012 IAR Systems AB.                                         #
#                                                                             #
#    Cpu mode     =  arm                                                      #
#    Endian       =  little                                                   #
#    Source file  =  C:\Users\V\Desktop\LCD_Demo\modules\smb380_drv.c         #
#    Command line =  C:\Users\V\Desktop\LCD_Demo\modules\smb380_drv.c -D      #
#                    IAR_LPC_2478_STK -lcN "C:\Users\V\Desktop\LCD_Demo\Flash #
#                     Debug\List\" -o "C:\Users\V\Desktop\LCD_Demo\Flash      #
#                    Debug\Obj\" --no_cse --no_unroll --no_inline             #
#                    --no_code_motion --no_tbaa --no_clustering               #
#                    --no_scheduling --debug --endian=little                  #
#                    --cpu=ARM7TDMI-S -e --fpu=None --dlib_config             #
#                    "C:\Program Files (x86)\IAR Systems\Embedded Workbench   #
#                    6.0 Evaluation\arm\INC\c\DLib_Config_Normal.h" -I        #
#                    C:\Users\V\Desktop\LCD_Demo\app\ -I                      #
#                    C:\Users\V\Desktop\LCD_Demo\board\ -I                    #
#                    C:\Users\V\Desktop\LCD_Demo\modules\ --cpu_mode arm -On  #
#                    --use_c++_inline                                         #
#    List file    =  C:\Users\V\Desktop\LCD_Demo\Flash                        #
#                    Debug\List\smb380_drv.lst                                #
#    Object file  =  C:\Users\V\Desktop\LCD_Demo\Flash Debug\Obj\smb380_drv.o #
#                                                                             #
#                                                                             #
###############################################################################

C:\Users\V\Desktop\LCD_Demo\modules\smb380_drv.c
      1          /*************************************************************************
      2           *
      3          *    Used with ICCARM and AARM.
      4           *
      5           *    (c) Copyright IAR Systems 2007
      6           *
      7           *    File name   : smb380_drv.c
      8           *    Description : SMB380 acceleration sensor driver (I2C data mode)
      9           *
     10           *    History :
     11           *    1. Date        : 13, February 2008
     12           *       Author      : Stanimir Bonev
     13           *       Description : Create
     14           *
     15           *
     16           *    $Revision: 30870 $
     17           **************************************************************************/
     18          #include "smb380_drv.h"
     19          #include "i2c0_drv.h"
     20          
     21          /*************************************************************************
     22           * Function Name: SMB380_Init
     23           * Parameters: none
     24           *
     25           * Return: SMB380_Status_t
     26           *
     27           * Description: SMB380 init
     28           *
     29           *************************************************************************/
     30          SMB380_Status_t SMB380_Init(void)
     31          {
     32            //Init I2C module as master
     33            I2C_InitMaster(I2C_SPEED);
     34            
     35            return SMB380_PASS;
     36          }
     37          /*************************************************************************
     38           * Function Name: SMB380_GetID
     39           * Parameters: none
     40           *
     41           * Return: SMB380_Status_t
     42           *
     43           * Description: SMB380 get chip ID and revision
     44           *
     45           *************************************************************************/
     46          SMB380_Status_t SMB380_GetID (pInt8U pChipId, pInt8U pRevision)
     47          {
     48          unsigned char buf[2] = {SMB380_CHIP_ID};
     49            //Write the address of Chip ID register
     50            I2C_MasterWrite(SMB380_ADDR, buf, 1);
     51            
     52            I2C_MasterRead(SMB380_ADDR, buf, 2);
     53            *pChipId = buf[0];
     54            *pRevision = buf[1];
     55            
     56            return SMB380_PASS;
     57          }
     58          
     59          /*************************************************************************
     60           * Function Name: SMB380_Init
     61           * Parameters: none
     62           *
     63           * Return: SMB380_Status_t
     64           *
     65           * Description: SMB380 init
     66           *
     67           *************************************************************************/
     68          SMB380_Status_t SMB380_GetData (pSMB380_Data_t pData)
     69          {
     70            unsigned char regaddr = SMB380_ACCX_ADDR;
     71            
     72            I2C_MasterWrite(SMB380_ADDR, &regaddr, 1);
     73            
     74            I2C_MasterRead(SMB380_ADDR, (unsigned char *)pData, sizeof(SMB380_Data_t));
     75            
     76            return SMB380_PASS;
     77          }
     78          
     79          

   Maximum stack usage in bytes:

   .cstack Function
   ------- --------
       16  SMB380_GetData
             16 -> I2C_MasterRead
             16 -> I2C_MasterWrite
       16  SMB380_GetID
             16 -> I2C_MasterRead
             16 -> I2C_MasterWrite
        8  SMB380_Init
              8 -> I2C_InitMaster


   Section sizes:

   Bytes  Function/Label
   -----  --------------
       2  ?<Constant {0}>
      60  SMB380_GetData
      80  SMB380_GetID
      24  SMB380_Init

 
   2 bytes in section .rodata
 164 bytes in section .text
 
 164 bytes of CODE  memory
   2 bytes of CONST memory

Errors: none
Warnings: 2
